
> shifa-alhind@0.1.1 build
> next build

   ▲ Next.js 15.5.4
   - Environments: .env
   - Experiments (use with caution):
     · optimizePackageImports

   Creating an optimized production build ...
 ✓ Compiled successfully in 3.7s
   Skipping linting
   Checking validity of types ...
   Collecting page data ...
prisma:error 
Invalid `prisma.package.findMany()` invocation:


Can't reach database server at `localhost:5432`

Please make sure your database server is running at `localhost:5432`.
prisma:error 
Invalid `prisma.contentPage.findMany()` invocation:


Can't reach database server at `localhost:5432`

Please make sure your database server is running at `localhost:5432`.
Database not available during build, skipping static generation
Database not available during build, skipping static generation
prisma:error 
Invalid `prisma.doctor.findMany()` invocation:


Can't reach database server at `localhost:5432`

Please make sure your database server is running at `localhost:5432`.
prisma:error 
Invalid `prisma.hospital.findMany()` invocation:


Can't reach database server at `localhost:5432`

Please make sure your database server is running at `localhost:5432`.
Database not available during build, skipping static generation
Database not available during build, skipping static generation
prisma:error 
Invalid `prisma.treatment.findMany()` invocation:


Can't reach database server at `localhost:5432`

Please make sure your database server is running at `localhost:5432`.
Database not available during build, skipping static generation
   Generating static pages (0/26) ...
   Generating static pages (6/26) 
   Generating static pages (12/26) 
prisma:error 
Invalid `prisma.treatment.findMany()` invocation:


Can't reach database server at `localhost:5432`

Please make sure your database server is running at `localhost:5432`.
prisma:error 
Invalid `prisma.doctor.findMany()` invocation:


Can't reach database server at `localhost:5432`

Please make sure your database server is running at `localhost:5432`.
prisma:error 
Invalid `prisma.hospital.findMany()` invocation:


Can't reach database server at `localhost:5432`

Please make sure your database server is running at `localhost:5432`.
prisma:error 
Invalid `prisma.package.findMany()` invocation:


Can't reach database server at `localhost:5432`

Please make sure your database server is running at `localhost:5432`.
prisma:error 
Invalid `prisma.contentPage.findMany()` invocation:


Can't reach database server at `localhost:5432`

Please make sure your database server is running at `localhost:5432`.
Error fetching treatments for sitemap: Error [PrismaClientInitializationError]: 
Invalid `prisma.treatment.findMany()` invocation:


Can't reach database server at `localhost:5432`

Please make sure your database server is running at `localhost:5432`.
    at async x (.next/server/app/sitemap.xml/route.js:1:3101)
    at async A (.next/server/app/sitemap.xml/route.js:1:8868) {
  clientVersion: '6.16.3',
  errorCode: undefined,
  retryable: undefined
}
Error fetching doctors for sitemap: Error [PrismaClientInitializationError]: 
Invalid `prisma.doctor.findMany()` invocation:


Can't reach database server at `localhost:5432`

Please make sure your database server is running at `localhost:5432`.
    at async x (.next/server/app/sitemap.xml/route.js:1:3500)
    at async A (.next/server/app/sitemap.xml/route.js:1:8868) {
  clientVersion: '6.16.3',
  errorCode: undefined,
  retryable: undefined
}
Error fetching hospitals for sitemap: Error [PrismaClientInitializationError]: 
Invalid `prisma.hospital.findMany()` invocation:


Can't reach database server at `localhost:5432`

Please make sure your database server is running at `localhost:5432`.
    at async x (.next/server/app/sitemap.xml/route.js:1:3885)
    at async A (.next/server/app/sitemap.xml/route.js:1:8868) {
  clientVersion: '6.16.3',
  errorCode: undefined,
  retryable: undefined
}
Error fetching packages for sitemap: Error [PrismaClientInitializationError]: 
Invalid `prisma.package.findMany()` invocation:


Can't reach database server at `localhost:5432`

Please make sure your database server is running at `localhost:5432`.
    at async x (.next/server/app/sitemap.xml/route.js:1:4280)
    at async A (.next/server/app/sitemap.xml/route.js:1:8868) {
  clientVersion: '6.16.3',
  errorCode: undefined,
  retryable: undefined
}
Error fetching blog posts for sitemap: Error [PrismaClientInitializationError]: 
Invalid `prisma.contentPage.findMany()` invocation:


Can't reach database server at `localhost:5432`

Please make sure your database server is running at `localhost:5432`.
    at async x (.next/server/app/sitemap.xml/route.js:1:4670)
    at async A (.next/server/app/sitemap.xml/route.js:1:8868) {
  clientVersion: '6.16.3',
  errorCode: undefined,
  retryable: undefined
}
   Generating static pages (19/26) 
 ✓ Generating static pages (26/26)
   Finalizing page optimization ...
   Collecting build traces ...

Route (app)                                                    Size  First Load JS
┌ ○ /                                                         493 B         107 kB
├ ○ /_not-found                                                1 kB         103 kB
├ ƒ /[locale]                                               7.13 kB         156 kB
├ ƒ /[locale]/about                                         7.14 kB         149 kB
├ ƒ /[locale]/blog                                          4.49 kB         147 kB
├ ƒ /[locale]/blog/[country]/[city]/[treatment]/[slug]        194 B         105 kB
├ ● /[locale]/blog/[slug]                                    3.5 kB         146 kB
├ ƒ /[locale]/booking                                       6.88 kB         149 kB
├ ƒ /[locale]/consultation                                  7.56 kB         150 kB
├ ƒ /[locale]/contact                                       8.29 kB         150 kB
├ ƒ /[locale]/doctors                                       6.41 kB         149 kB
├ ● /[locale]/doctors/[slug]                                3.51 kB         162 kB
├ ƒ /[locale]/faq                                           9.54 kB         152 kB
├ ƒ /[locale]/for-bahrain-patients                            194 B         105 kB
├ ƒ /[locale]/for-kuwait-patients                             194 B         105 kB
├ ƒ /[locale]/for-oman-patients                               194 B         105 kB
├ ƒ /[locale]/for-qatar-patients                              194 B         105 kB
├ ƒ /[locale]/for-saudi-patients                              194 B         105 kB
├ ƒ /[locale]/for-uae-patients                                194 B         105 kB
├ ƒ /[locale]/hospitals                                     3.86 kB         146 kB
├ ● /[locale]/hospitals/[slug]                               3.7 kB         162 kB
├ ƒ /[locale]/medical-tourism                                 194 B         105 kB
├ ƒ /[locale]/medical-tourism/[country]                     4.62 kB         163 kB
├ ƒ /[locale]/medical-tourism/[country]/[city]              9.12 kB         114 kB
├ ƒ /[locale]/medical-tourism/[country]/[city]/[treatment]    165 B         105 kB
├ ƒ /[locale]/packages                                      4.14 kB         146 kB
├ ● /[locale]/packages/[slug]                               2.82 kB         161 kB
├ ƒ /[locale]/privacy-policy                                3.16 kB         119 kB
├ ƒ /[locale]/refund-policy                                 12.1 kB         154 kB
├ ƒ /[locale]/services                                      7.96 kB         150 kB
├ ƒ /[locale]/stories                                       7.13 kB         149 kB
├ ƒ /[locale]/terms-and-conditions                          14.7 kB         131 kB
├ ƒ /[locale]/travel                                        16.6 kB         159 kB
├ ƒ /[locale]/treatments                                    3.27 kB         145 kB
├ ● /[locale]/treatments/[slug]                             3.76 kB         162 kB
├ ƒ /[locale]/treatments/ayurveda-wellness                    11 kB         153 kB
├ ƒ /[locale]/treatments/cancer-treatment                   11.1 kB         153 kB
├ ƒ /[locale]/treatments/cosmetic-surgery                   10.9 kB         153 kB
├ ƒ /[locale]/treatments/dental-implants                    10.3 kB         152 kB
├ ƒ /[locale]/treatments/heart-surgery                      11.1 kB         153 kB
├ ƒ /[locale]/treatments/ivf-fertility                      9.85 kB         152 kB
├ ƒ /[locale]/treatments/joint-replacement                  11.1 kB         153 kB
├ ƒ /[locale]/treatments/neurosurgery                       10.5 kB         153 kB
├ ƒ /[locale]/treatments/ophthalmology                      9.97 kB         152 kB
├ ƒ /[locale]/treatments/organ-transplant                   10.3 kB         152 kB
├ ○ /admin/bookings                                          7.9 kB         115 kB
├ ○ /admin/content                                          3.57 kB         250 kB
├ ƒ /admin/dashboard                                          194 B         105 kB
├ ○ /admin/doctors                                          3.79 kB         250 kB
├ ○ /admin/hospitals                                        3.94 kB         250 kB
├ ○ /admin/login                                            1.37 kB         109 kB
├ ○ /admin/packages                                         3.48 kB         250 kB
├ ○ /admin/treatments                                       3.49 kB         250 kB
├ ƒ /api/auth/[...nextauth]                                   185 B         102 kB
├ ƒ /api/v1/bookings                                          185 B         102 kB
├ ƒ /api/v1/bookings/[id]                                     185 B         102 kB
├ ƒ /api/v1/content                                           185 B         102 kB
├ ƒ /api/v1/content/[slug]                                    185 B         102 kB
├ ƒ /api/v1/doctors                                           185 B         102 kB
├ ƒ /api/v1/doctors/[slug]                                    185 B         102 kB
├ ƒ /api/v1/hospitals                                         185 B         102 kB
├ ƒ /api/v1/hospitals/[slug]                                  185 B         102 kB
├ ƒ /api/v1/lead                                              185 B         102 kB
├ ƒ /api/v1/media                                             185 B         102 kB
├ ƒ /api/v1/media/upload                                      185 B         102 kB
├ ƒ /api/v1/packages                                          185 B         102 kB
├ ƒ /api/v1/packages/[slug]                                   185 B         102 kB
├ ƒ /api/v1/treatments                                        185 B         102 kB
├ ƒ /api/v1/treatments/[slug]                                 185 B         102 kB
├ ○ /robots.txt                                               185 B         102 kB
├ ƒ /rss-ar.xml                                               185 B         102 kB
├ ƒ /rss.xml                                                  185 B         102 kB
└ ○ /sitemap.xml                                              185 B         102 kB
+ First Load JS shared by all                                102 kB
  ├ chunks/1255-ad92d48e3e7ce61a.js                         45.5 kB
  ├ chunks/4bd1b696-100b9d70ed4e49c1.js                     54.2 kB
  └ other shared chunks (total)                             1.94 kB


ƒ Middleware                                                34.3 kB

○  (Static)   prerendered as static content
●  (SSG)      prerendered as static HTML (uses generateStaticParams)
ƒ  (Dynamic)  server-rendered on demand

